Thermal Power Dissipation by Hierarchy report for CPU_project
Thu Jun 11 13:24:24 2020
Quartus Prime Version 19.1.0 Build 670 09/22/2019 SJ Lite Edition


---------------------
; Table of Contents ;
---------------------
  1. Legal Notice
  2. Thermal Power Dissipation by Hierarchy



----------------
; Legal Notice ;
----------------
Copyright (C) 2019  Intel Corporation. All rights reserved.
Your use of Intel Corporation's design tools, logic functions 
and other software and tools, and any partner logic 
functions, and any output files from any of the foregoing 
(including device programming or simulation files), and any 
associated documentation or information are expressly subject 
to the terms and conditions of the Intel Program License 
Subscription Agreement, the Intel Quartus Prime License Agreement,
the Intel FPGA IP License Agreement, or other applicable license
agreement, including, without limitation, that your use is for
the sole purpose of programming logic devices manufactured by
Intel and sold by Intel or its authorized distributors.  Please
refer to the applicable agreement for further details, at
https://fpgasoftware.intel.com/eula.



+-----------------------------------------------------------------------------------------------------------------------------------------------------------------------------------------------------------------------------------------------------------------------------------------------------------------------------------------------------+
; Thermal Power Dissipation by Hierarchy                                                                                                                                                                                                                                                                                                              ;
+------------------------------------------------+--------------------------------------+---------------------------------+-----------------------------------+-----------------------------------+---------------------------------------------------------------------------------------------------------------------------------------------------+
; Compilation Hierarchy Node                     ; Total Thermal Power by Hierarchy (1) ; Block Thermal Dynamic Power (1) ; Block Thermal Static Power (1)(2) ; Routing Thermal Dynamic Power (1) ; Full Hierarchy Name                                                                                                                               ;
+------------------------------------------------+--------------------------------------+---------------------------------+-----------------------------------+-----------------------------------+---------------------------------------------------------------------------------------------------------------------------------------------------+
; |CPU_MultiplierPipelinedNoOutputs              ; 14.17 mW (5.22 mW)                   ; 7.86 mW (0.31 mW)               ; 0.79 mW (0.79 mW)                 ; 5.52 mW (4.12 mW)                 ; |CPU_MultiplierPipelinedNoOutputs                                                                                                                 ;
;     |hard_block:auto_generated_inst            ; 0.00 mW (0.00 mW)                    ; 0.00 mW (0.00 mW)               ; --                                ; 0.00 mW (0.00 mW)                 ; |CPU_MultiplierPipelinedNoOutputs|hard_block:auto_generated_inst                                                                                  ;
;     |lpm_ff:CARRY                              ; 0.04 mW (0.04 mW)                    ; 0.02 mW (0.02 mW)               ; --                                ; 0.02 mW (0.02 mW)                 ; |CPU_MultiplierPipelinedNoOutputs|lpm_ff:CARRY                                                                                                    ;
;     |RAM:data                                  ; 2.71 mW (0.00 mW)                    ; 2.71 mW (0.00 mW)               ; --                                ; 0.00 mW (0.00 mW)                 ; |CPU_MultiplierPipelinedNoOutputs|RAM:data                                                                                                        ;
;         |altsyncram:altsyncram_component       ; 2.71 mW (0.00 mW)                    ; 2.71 mW (0.00 mW)               ; --                                ; 0.00 mW (0.00 mW)                 ; |CPU_MultiplierPipelinedNoOutputs|RAM:data|altsyncram:altsyncram_component                                                                        ;
;             |altsyncram_5qj1:auto_generated    ; 2.71 mW (2.71 mW)                    ; 2.71 mW (2.71 mW)               ; --                                ; 0.00 mW (0.00 mW)                 ; |CPU_MultiplierPipelinedNoOutputs|RAM:data|altsyncram:altsyncram_component|altsyncram_5qj1:auto_generated                                         ;
;     |State_MachinePipelined:inst               ; 0.06 mW (0.00 mW)                    ; 0.03 mW (0.00 mW)               ; --                                ; 0.03 mW (0.00 mW)                 ; |CPU_MultiplierPipelinedNoOutputs|State_MachinePipelined:inst                                                                                     ;
;         |DFF3:inst                             ; 0.06 mW (0.06 mW)                    ; 0.03 mW (0.03 mW)               ; --                                ; 0.03 mW (0.03 mW)                 ; |CPU_MultiplierPipelinedNoOutputs|State_MachinePipelined:inst|DFF3:inst                                                                           ;
;         |State_Select_Pipelined:inst2          ; 0.00 mW (0.00 mW)                    ; 0.00 mW (0.00 mW)               ; --                                ; 0.00 mW (0.00 mW)                 ; |CPU_MultiplierPipelinedNoOutputs|State_MachinePipelined:inst|State_Select_Pipelined:inst2                                                        ;
;     |RAMTest:inst1                             ; 1.42 mW (0.00 mW)                    ; 1.42 mW (0.00 mW)               ; --                                ; 0.00 mW (0.00 mW)                 ; |CPU_MultiplierPipelinedNoOutputs|RAMTest:inst1                                                                                                   ;
;         |altsyncram:altsyncram_component       ; 1.42 mW (0.00 mW)                    ; 1.42 mW (0.00 mW)               ; --                                ; 0.00 mW (0.00 mW)                 ; |CPU_MultiplierPipelinedNoOutputs|RAMTest:inst1|altsyncram:altsyncram_component                                                                   ;
;             |altsyncram_0nk1:auto_generated    ; 1.42 mW (1.42 mW)                    ; 1.42 mW (1.42 mW)               ; --                                ; 0.00 mW (0.00 mW)                 ; |CPU_MultiplierPipelinedNoOutputs|RAMTest:inst1|altsyncram:altsyncram_component|altsyncram_0nk1:auto_generated                                    ;
;     |MUX4:inst5                                ; 0.03 mW (0.00 mW)                    ; 0.03 mW (0.00 mW)               ; --                                ; 0.00 mW (0.00 mW)                 ; |CPU_MultiplierPipelinedNoOutputs|MUX4:inst5                                                                                                      ;
;         |lpm_mux:LPM_MUX_component             ; 0.03 mW (0.00 mW)                    ; 0.03 mW (0.00 mW)               ; --                                ; 0.00 mW (0.00 mW)                 ; |CPU_MultiplierPipelinedNoOutputs|MUX4:inst5|lpm_mux:LPM_MUX_component                                                                            ;
;             |mux_0tc:auto_generated            ; 0.03 mW (0.03 mW)                    ; 0.03 mW (0.03 mW)               ; --                                ; 0.00 mW (0.00 mW)                 ; |CPU_MultiplierPipelinedNoOutputs|MUX4:inst5|lpm_mux:LPM_MUX_component|mux_0tc:auto_generated                                                     ;
;     |PCIncrement:inst7                         ; 0.00 mW (0.00 mW)                    ; 0.00 mW (0.00 mW)               ; --                                ; 0.00 mW (0.00 mW)                 ; |CPU_MultiplierPipelinedNoOutputs|PCIncrement:inst7                                                                                               ;
;     |ALU4PipelinedMultiplier:inst8             ; 1.42 mW (0.36 mW)                    ; 1.17 mW (0.31 mW)               ; --                                ; 0.25 mW (0.05 mW)                 ; |CPU_MultiplierPipelinedNoOutputs|ALU4PipelinedMultiplier:inst8                                                                                   ;
;         |SECONDMUX5:inst                       ; 0.04 mW (0.00 mW)                    ; 0.04 mW (0.00 mW)               ; --                                ; 0.00 mW (0.00 mW)                 ; |CPU_MultiplierPipelinedNoOutputs|ALU4PipelinedMultiplier:inst8|SECONDMUX5:inst                                                                   ;
;             |lpm_mux:LPM_MUX_component         ; 0.04 mW (0.00 mW)                    ; 0.04 mW (0.00 mW)               ; --                                ; 0.00 mW (0.00 mW)                 ; |CPU_MultiplierPipelinedNoOutputs|ALU4PipelinedMultiplier:inst8|SECONDMUX5:inst|lpm_mux:LPM_MUX_component                                         ;
;                 |mux_2tc:auto_generated        ; 0.04 mW (0.04 mW)                    ; 0.04 mW (0.04 mW)               ; --                                ; 0.00 mW (0.00 mW)                 ; |CPU_MultiplierPipelinedNoOutputs|ALU4PipelinedMultiplier:inst8|SECONDMUX5:inst|lpm_mux:LPM_MUX_component|mux_2tc:auto_generated                  ;
;         |MUX4:inst2                            ; 0.03 mW (0.00 mW)                    ; 0.03 mW (0.00 mW)               ; --                                ; 0.00 mW (0.00 mW)                 ; |CPU_MultiplierPipelinedNoOutputs|ALU4PipelinedMultiplier:inst8|MUX4:inst2                                                                        ;
;             |lpm_mux:LPM_MUX_component         ; 0.03 mW (0.00 mW)                    ; 0.03 mW (0.00 mW)               ; --                                ; 0.00 mW (0.00 mW)                 ; |CPU_MultiplierPipelinedNoOutputs|ALU4PipelinedMultiplier:inst8|MUX4:inst2|lpm_mux:LPM_MUX_component                                              ;
;                 |mux_0tc:auto_generated        ; 0.03 mW (0.03 mW)                    ; 0.03 mW (0.03 mW)               ; --                                ; 0.00 mW (0.00 mW)                 ; |CPU_MultiplierPipelinedNoOutputs|ALU4PipelinedMultiplier:inst8|MUX4:inst2|lpm_mux:LPM_MUX_component|mux_0tc:auto_generated                       ;
;         |ADD:inst3                             ; 0.00 mW (0.00 mW)                    ; 0.00 mW (0.00 mW)               ; --                                ; 0.00 mW (0.00 mW)                 ; |CPU_MultiplierPipelinedNoOutputs|ALU4PipelinedMultiplier:inst8|ADD:inst3                                                                         ;
;             |lpm_add_sub:LPM_ADD_SUB_component ; 0.00 mW (0.00 mW)                    ; 0.00 mW (0.00 mW)               ; --                                ; 0.00 mW (0.00 mW)                 ; |CPU_MultiplierPipelinedNoOutputs|ALU4PipelinedMultiplier:inst8|ADD:inst3|lpm_add_sub:LPM_ADD_SUB_component                                       ;
;                 |add_sub_89i:auto_generated    ; 0.00 mW (0.00 mW)                    ; 0.00 mW (0.00 mW)               ; --                                ; 0.00 mW (0.00 mW)                 ; |CPU_MultiplierPipelinedNoOutputs|ALU4PipelinedMultiplier:inst8|ADD:inst3|lpm_add_sub:LPM_ADD_SUB_component|add_sub_89i:auto_generated            ;
;         |MUX3:inst4                            ; 0.01 mW (0.00 mW)                    ; 0.01 mW (0.00 mW)               ; --                                ; 0.00 mW (0.00 mW)                 ; |CPU_MultiplierPipelinedNoOutputs|ALU4PipelinedMultiplier:inst8|MUX3:inst4                                                                        ;
;             |lpm_mux:LPM_MUX_component         ; 0.01 mW (0.00 mW)                    ; 0.01 mW (0.00 mW)               ; --                                ; 0.00 mW (0.00 mW)                 ; |CPU_MultiplierPipelinedNoOutputs|ALU4PipelinedMultiplier:inst8|MUX3:inst4|lpm_mux:LPM_MUX_component                                              ;
;                 |mux_vsc:auto_generated        ; 0.01 mW (0.01 mW)                    ; 0.01 mW (0.01 mW)               ; --                                ; 0.00 mW (0.00 mW)                 ; |CPU_MultiplierPipelinedNoOutputs|ALU4PipelinedMultiplier:inst8|MUX3:inst4|lpm_mux:LPM_MUX_component|mux_vsc:auto_generated                       ;
;         |JMRDecoder:inst5                      ; 0.01 mW (0.01 mW)                    ; 0.01 mW (0.01 mW)               ; --                                ; 0.00 mW (0.00 mW)                 ; |CPU_MultiplierPipelinedNoOutputs|ALU4PipelinedMultiplier:inst8|JMRDecoder:inst5                                                                  ;
;         |ADD_SUB:inst6                         ; 0.00 mW (0.00 mW)                    ; 0.00 mW (0.00 mW)               ; --                                ; 0.00 mW (0.00 mW)                 ; |CPU_MultiplierPipelinedNoOutputs|ALU4PipelinedMultiplier:inst8|ADD_SUB:inst6                                                                     ;
;             |lpm_add_sub:LPM_ADD_SUB_component ; 0.00 mW (0.00 mW)                    ; 0.00 mW (0.00 mW)               ; --                                ; 0.00 mW (0.00 mW)                 ; |CPU_MultiplierPipelinedNoOutputs|ALU4PipelinedMultiplier:inst8|ADD_SUB:inst6|lpm_add_sub:LPM_ADD_SUB_component                                   ;
;                 |add_sub_1ih:auto_generated    ; 0.00 mW (0.00 mW)                    ; 0.00 mW (0.00 mW)               ; --                                ; 0.00 mW (0.00 mW)                 ; |CPU_MultiplierPipelinedNoOutputs|ALU4PipelinedMultiplier:inst8|ADD_SUB:inst6|lpm_add_sub:LPM_ADD_SUB_component|add_sub_1ih:auto_generated        ;
;         |MUX7:inst7                            ; 0.04 mW (0.00 mW)                    ; 0.04 mW (0.00 mW)               ; --                                ; 0.00 mW (0.00 mW)                 ; |CPU_MultiplierPipelinedNoOutputs|ALU4PipelinedMultiplier:inst8|MUX7:inst7                                                                        ;
;             |lpm_mux:LPM_MUX_component         ; 0.04 mW (0.00 mW)                    ; 0.04 mW (0.00 mW)               ; --                                ; 0.00 mW (0.00 mW)                 ; |CPU_MultiplierPipelinedNoOutputs|ALU4PipelinedMultiplier:inst8|MUX7:inst7|lpm_mux:LPM_MUX_component                                              ;
;                 |mux_4tc:auto_generated        ; 0.04 mW (0.04 mW)                    ; 0.04 mW (0.04 mW)               ; --                                ; 0.00 mW (0.00 mW)                 ; |CPU_MultiplierPipelinedNoOutputs|ALU4PipelinedMultiplier:inst8|MUX7:inst7|lpm_mux:LPM_MUX_component|mux_4tc:auto_generated                       ;
;         |Wallace_Multiplier_With_Carry:inst9   ; 0.11 mW (0.01 mW)                    ; 0.08 mW (0.01 mW)               ; --                                ; 0.03 mW (0.00 mW)                 ; |CPU_MultiplierPipelinedNoOutputs|ALU4PipelinedMultiplier:inst8|Wallace_Multiplier_With_Carry:inst9                                               ;
;             |halfAdder:inst138                 ; 0.00 mW (0.00 mW)                    ; 0.00 mW (0.00 mW)               ; --                                ; 0.00 mW (0.00 mW)                 ; |CPU_MultiplierPipelinedNoOutputs|ALU4PipelinedMultiplier:inst8|Wallace_Multiplier_With_Carry:inst9|halfAdder:inst138                             ;
;             |fullAdder:inst139                 ; 0.00 mW (0.00 mW)                    ; 0.00 mW (0.00 mW)               ; --                                ; 0.00 mW (0.00 mW)                 ; |CPU_MultiplierPipelinedNoOutputs|ALU4PipelinedMultiplier:inst8|Wallace_Multiplier_With_Carry:inst9|fullAdder:inst139                             ;
;             |fullAdder:inst140                 ; 0.00 mW (0.00 mW)                    ; 0.00 mW (0.00 mW)               ; --                                ; 0.00 mW (0.00 mW)                 ; |CPU_MultiplierPipelinedNoOutputs|ALU4PipelinedMultiplier:inst8|Wallace_Multiplier_With_Carry:inst9|fullAdder:inst140                             ;
;             |fullAdder:inst141                 ; 0.00 mW (0.00 mW)                    ; 0.00 mW (0.00 mW)               ; --                                ; 0.00 mW (0.00 mW)                 ; |CPU_MultiplierPipelinedNoOutputs|ALU4PipelinedMultiplier:inst8|Wallace_Multiplier_With_Carry:inst9|fullAdder:inst141                             ;
;             |fullAdder:inst143                 ; 0.00 mW (0.00 mW)                    ; 0.00 mW (0.00 mW)               ; --                                ; 0.00 mW (0.00 mW)                 ; |CPU_MultiplierPipelinedNoOutputs|ALU4PipelinedMultiplier:inst8|Wallace_Multiplier_With_Carry:inst9|fullAdder:inst143                             ;
;             |fullAdder:inst144                 ; 0.00 mW (0.00 mW)                    ; 0.00 mW (0.00 mW)               ; --                                ; 0.00 mW (0.00 mW)                 ; |CPU_MultiplierPipelinedNoOutputs|ALU4PipelinedMultiplier:inst8|Wallace_Multiplier_With_Carry:inst9|fullAdder:inst144                             ;
;             |fullAdder:inst145                 ; 0.00 mW (0.00 mW)                    ; 0.00 mW (0.00 mW)               ; --                                ; 0.00 mW (0.00 mW)                 ; |CPU_MultiplierPipelinedNoOutputs|ALU4PipelinedMultiplier:inst8|Wallace_Multiplier_With_Carry:inst9|fullAdder:inst145                             ;
;             |fullAdder:inst146                 ; 0.00 mW (0.00 mW)                    ; 0.00 mW (0.00 mW)               ; --                                ; 0.00 mW (0.00 mW)                 ; |CPU_MultiplierPipelinedNoOutputs|ALU4PipelinedMultiplier:inst8|Wallace_Multiplier_With_Carry:inst9|fullAdder:inst146                             ;
;             |fullAdder:inst147                 ; 0.00 mW (0.00 mW)                    ; 0.00 mW (0.00 mW)               ; --                                ; 0.00 mW (0.00 mW)                 ; |CPU_MultiplierPipelinedNoOutputs|ALU4PipelinedMultiplier:inst8|Wallace_Multiplier_With_Carry:inst9|fullAdder:inst147                             ;
;             |fullAdder:inst148                 ; 0.00 mW (0.00 mW)                    ; 0.00 mW (0.00 mW)               ; --                                ; 0.00 mW (0.00 mW)                 ; |CPU_MultiplierPipelinedNoOutputs|ALU4PipelinedMultiplier:inst8|Wallace_Multiplier_With_Carry:inst9|fullAdder:inst148                             ;
;             |halfAdder:inst149                 ; 0.00 mW (0.00 mW)                    ; 0.00 mW (0.00 mW)               ; --                                ; 0.00 mW (0.00 mW)                 ; |CPU_MultiplierPipelinedNoOutputs|ALU4PipelinedMultiplier:inst8|Wallace_Multiplier_With_Carry:inst9|halfAdder:inst149                             ;
;             |fullAdder:inst150                 ; 0.00 mW (0.00 mW)                    ; 0.00 mW (0.00 mW)               ; --                                ; 0.00 mW (0.00 mW)                 ; |CPU_MultiplierPipelinedNoOutputs|ALU4PipelinedMultiplier:inst8|Wallace_Multiplier_With_Carry:inst9|fullAdder:inst150                             ;
;             |fullAdder:inst151                 ; 0.00 mW (0.00 mW)                    ; 0.00 mW (0.00 mW)               ; --                                ; 0.00 mW (0.00 mW)                 ; |CPU_MultiplierPipelinedNoOutputs|ALU4PipelinedMultiplier:inst8|Wallace_Multiplier_With_Carry:inst9|fullAdder:inst151                             ;
;             |fullAdder:inst152                 ; 0.00 mW (0.00 mW)                    ; 0.00 mW (0.00 mW)               ; --                                ; 0.00 mW (0.00 mW)                 ; |CPU_MultiplierPipelinedNoOutputs|ALU4PipelinedMultiplier:inst8|Wallace_Multiplier_With_Carry:inst9|fullAdder:inst152                             ;
;             |fullAdder:inst153                 ; 0.00 mW (0.00 mW)                    ; 0.00 mW (0.00 mW)               ; --                                ; 0.00 mW (0.00 mW)                 ; |CPU_MultiplierPipelinedNoOutputs|ALU4PipelinedMultiplier:inst8|Wallace_Multiplier_With_Carry:inst9|fullAdder:inst153                             ;
;             |fullAdder:inst154                 ; 0.00 mW (0.00 mW)                    ; 0.00 mW (0.00 mW)               ; --                                ; 0.00 mW (0.00 mW)                 ; |CPU_MultiplierPipelinedNoOutputs|ALU4PipelinedMultiplier:inst8|Wallace_Multiplier_With_Carry:inst9|fullAdder:inst154                             ;
;             |fullAdder:inst155                 ; 0.00 mW (0.00 mW)                    ; 0.00 mW (0.00 mW)               ; --                                ; 0.00 mW (0.00 mW)                 ; |CPU_MultiplierPipelinedNoOutputs|ALU4PipelinedMultiplier:inst8|Wallace_Multiplier_With_Carry:inst9|fullAdder:inst155                             ;
;             |fullAdder:inst156                 ; 0.00 mW (0.00 mW)                    ; 0.00 mW (0.00 mW)               ; --                                ; 0.00 mW (0.00 mW)                 ; |CPU_MultiplierPipelinedNoOutputs|ALU4PipelinedMultiplier:inst8|Wallace_Multiplier_With_Carry:inst9|fullAdder:inst156                             ;
;             |fullAdder:inst157                 ; 0.00 mW (0.00 mW)                    ; 0.00 mW (0.00 mW)               ; --                                ; 0.00 mW (0.00 mW)                 ; |CPU_MultiplierPipelinedNoOutputs|ALU4PipelinedMultiplier:inst8|Wallace_Multiplier_With_Carry:inst9|fullAdder:inst157                             ;
;             |fullAdder:inst158                 ; 0.00 mW (0.00 mW)                    ; 0.00 mW (0.00 mW)               ; --                                ; 0.00 mW (0.00 mW)                 ; |CPU_MultiplierPipelinedNoOutputs|ALU4PipelinedMultiplier:inst8|Wallace_Multiplier_With_Carry:inst9|fullAdder:inst158                             ;
;             |fullAdder:inst159                 ; 0.00 mW (0.00 mW)                    ; 0.00 mW (0.00 mW)               ; --                                ; 0.00 mW (0.00 mW)                 ; |CPU_MultiplierPipelinedNoOutputs|ALU4PipelinedMultiplier:inst8|Wallace_Multiplier_With_Carry:inst9|fullAdder:inst159                             ;
;             |fullAdder:inst160                 ; 0.00 mW (0.00 mW)                    ; 0.00 mW (0.00 mW)               ; --                                ; 0.00 mW (0.00 mW)                 ; |CPU_MultiplierPipelinedNoOutputs|ALU4PipelinedMultiplier:inst8|Wallace_Multiplier_With_Carry:inst9|fullAdder:inst160                             ;
;             |fullAdder:inst161                 ; 0.00 mW (0.00 mW)                    ; 0.00 mW (0.00 mW)               ; --                                ; 0.00 mW (0.00 mW)                 ; |CPU_MultiplierPipelinedNoOutputs|ALU4PipelinedMultiplier:inst8|Wallace_Multiplier_With_Carry:inst9|fullAdder:inst161                             ;
;             |fullAdder:inst162                 ; 0.00 mW (0.00 mW)                    ; 0.00 mW (0.00 mW)               ; --                                ; 0.00 mW (0.00 mW)                 ; |CPU_MultiplierPipelinedNoOutputs|ALU4PipelinedMultiplier:inst8|Wallace_Multiplier_With_Carry:inst9|fullAdder:inst162                             ;
;             |fullAdder:inst163                 ; 0.00 mW (0.00 mW)                    ; 0.00 mW (0.00 mW)               ; --                                ; 0.00 mW (0.00 mW)                 ; |CPU_MultiplierPipelinedNoOutputs|ALU4PipelinedMultiplier:inst8|Wallace_Multiplier_With_Carry:inst9|fullAdder:inst163                             ;
;             |fullAdder:inst164                 ; 0.00 mW (0.00 mW)                    ; 0.00 mW (0.00 mW)               ; --                                ; 0.00 mW (0.00 mW)                 ; |CPU_MultiplierPipelinedNoOutputs|ALU4PipelinedMultiplier:inst8|Wallace_Multiplier_With_Carry:inst9|fullAdder:inst164                             ;
;             |fullAdder:inst165                 ; 0.00 mW (0.00 mW)                    ; 0.00 mW (0.00 mW)               ; --                                ; 0.00 mW (0.00 mW)                 ; |CPU_MultiplierPipelinedNoOutputs|ALU4PipelinedMultiplier:inst8|Wallace_Multiplier_With_Carry:inst9|fullAdder:inst165                             ;
;             |fullAdder:inst166                 ; 0.00 mW (0.00 mW)                    ; 0.00 mW (0.00 mW)               ; --                                ; 0.00 mW (0.00 mW)                 ; |CPU_MultiplierPipelinedNoOutputs|ALU4PipelinedMultiplier:inst8|Wallace_Multiplier_With_Carry:inst9|fullAdder:inst166                             ;
;             |fullAdder:inst167                 ; 0.00 mW (0.00 mW)                    ; 0.00 mW (0.00 mW)               ; --                                ; 0.00 mW (0.00 mW)                 ; |CPU_MultiplierPipelinedNoOutputs|ALU4PipelinedMultiplier:inst8|Wallace_Multiplier_With_Carry:inst9|fullAdder:inst167                             ;
;             |fullAdder:inst168                 ; 0.00 mW (0.00 mW)                    ; 0.00 mW (0.00 mW)               ; --                                ; 0.00 mW (0.00 mW)                 ; |CPU_MultiplierPipelinedNoOutputs|ALU4PipelinedMultiplier:inst8|Wallace_Multiplier_With_Carry:inst9|fullAdder:inst168                             ;
;             |fullAdder:inst169                 ; 0.00 mW (0.00 mW)                    ; 0.00 mW (0.00 mW)               ; --                                ; 0.00 mW (0.00 mW)                 ; |CPU_MultiplierPipelinedNoOutputs|ALU4PipelinedMultiplier:inst8|Wallace_Multiplier_With_Carry:inst9|fullAdder:inst169                             ;
;             |fullAdder:inst170                 ; 0.00 mW (0.00 mW)                    ; 0.00 mW (0.00 mW)               ; --                                ; 0.00 mW (0.00 mW)                 ; |CPU_MultiplierPipelinedNoOutputs|ALU4PipelinedMultiplier:inst8|Wallace_Multiplier_With_Carry:inst9|fullAdder:inst170                             ;
;             |fullAdder:inst171                 ; 0.00 mW (0.00 mW)                    ; 0.00 mW (0.00 mW)               ; --                                ; 0.00 mW (0.00 mW)                 ; |CPU_MultiplierPipelinedNoOutputs|ALU4PipelinedMultiplier:inst8|Wallace_Multiplier_With_Carry:inst9|fullAdder:inst171                             ;
;             |fullAdder:inst172                 ; 0.00 mW (0.00 mW)                    ; 0.00 mW (0.00 mW)               ; --                                ; 0.00 mW (0.00 mW)                 ; |CPU_MultiplierPipelinedNoOutputs|ALU4PipelinedMultiplier:inst8|Wallace_Multiplier_With_Carry:inst9|fullAdder:inst172                             ;
;             |fullAdder:inst173                 ; 0.00 mW (0.00 mW)                    ; 0.00 mW (0.00 mW)               ; --                                ; 0.00 mW (0.00 mW)                 ; |CPU_MultiplierPipelinedNoOutputs|ALU4PipelinedMultiplier:inst8|Wallace_Multiplier_With_Carry:inst9|fullAdder:inst173                             ;
;             |fullAdder:inst174                 ; 0.00 mW (0.00 mW)                    ; 0.00 mW (0.00 mW)               ; --                                ; 0.00 mW (0.00 mW)                 ; |CPU_MultiplierPipelinedNoOutputs|ALU4PipelinedMultiplier:inst8|Wallace_Multiplier_With_Carry:inst9|fullAdder:inst174                             ;
;             |fullAdder:inst175                 ; 0.00 mW (0.00 mW)                    ; 0.00 mW (0.00 mW)               ; --                                ; 0.00 mW (0.00 mW)                 ; |CPU_MultiplierPipelinedNoOutputs|ALU4PipelinedMultiplier:inst8|Wallace_Multiplier_With_Carry:inst9|fullAdder:inst175                             ;
;             |fullAdder:inst176                 ; 0.00 mW (0.00 mW)                    ; 0.00 mW (0.00 mW)               ; --                                ; 0.00 mW (0.00 mW)                 ; |CPU_MultiplierPipelinedNoOutputs|ALU4PipelinedMultiplier:inst8|Wallace_Multiplier_With_Carry:inst9|fullAdder:inst176                             ;
;             |fullAdder:inst177                 ; 0.00 mW (0.00 mW)                    ; 0.00 mW (0.00 mW)               ; --                                ; 0.00 mW (0.00 mW)                 ; |CPU_MultiplierPipelinedNoOutputs|ALU4PipelinedMultiplier:inst8|Wallace_Multiplier_With_Carry:inst9|fullAdder:inst177                             ;
;             |fullAdder:inst178                 ; 0.00 mW (0.00 mW)                    ; 0.00 mW (0.00 mW)               ; --                                ; 0.00 mW (0.00 mW)                 ; |CPU_MultiplierPipelinedNoOutputs|ALU4PipelinedMultiplier:inst8|Wallace_Multiplier_With_Carry:inst9|fullAdder:inst178                             ;
;             |fullAdder:inst179                 ; 0.00 mW (0.00 mW)                    ; 0.00 mW (0.00 mW)               ; --                                ; 0.00 mW (0.00 mW)                 ; |CPU_MultiplierPipelinedNoOutputs|ALU4PipelinedMultiplier:inst8|Wallace_Multiplier_With_Carry:inst9|fullAdder:inst179                             ;
;             |halfAdder:inst181                 ; 0.00 mW (0.00 mW)                    ; 0.00 mW (0.00 mW)               ; --                                ; 0.00 mW (0.00 mW)                 ; |CPU_MultiplierPipelinedNoOutputs|ALU4PipelinedMultiplier:inst8|Wallace_Multiplier_With_Carry:inst9|halfAdder:inst181                             ;
;             |halfAdder:inst182                 ; 0.00 mW (0.00 mW)                    ; 0.00 mW (0.00 mW)               ; --                                ; 0.00 mW (0.00 mW)                 ; |CPU_MultiplierPipelinedNoOutputs|ALU4PipelinedMultiplier:inst8|Wallace_Multiplier_With_Carry:inst9|halfAdder:inst182                             ;
;             |halfAdder:inst183                 ; 0.00 mW (0.00 mW)                    ; 0.00 mW (0.00 mW)               ; --                                ; 0.00 mW (0.00 mW)                 ; |CPU_MultiplierPipelinedNoOutputs|ALU4PipelinedMultiplier:inst8|Wallace_Multiplier_With_Carry:inst9|halfAdder:inst183                             ;
;             |fullAdder:inst184                 ; 0.00 mW (0.00 mW)                    ; 0.00 mW (0.00 mW)               ; --                                ; 0.00 mW (0.00 mW)                 ; |CPU_MultiplierPipelinedNoOutputs|ALU4PipelinedMultiplier:inst8|Wallace_Multiplier_With_Carry:inst9|fullAdder:inst184                             ;
;             |fullAdder:inst185                 ; 0.00 mW (0.00 mW)                    ; 0.00 mW (0.00 mW)               ; --                                ; 0.00 mW (0.00 mW)                 ; |CPU_MultiplierPipelinedNoOutputs|ALU4PipelinedMultiplier:inst8|Wallace_Multiplier_With_Carry:inst9|fullAdder:inst185                             ;
;             |fullAdder:inst186                 ; 0.00 mW (0.00 mW)                    ; 0.00 mW (0.00 mW)               ; --                                ; 0.00 mW (0.00 mW)                 ; |CPU_MultiplierPipelinedNoOutputs|ALU4PipelinedMultiplier:inst8|Wallace_Multiplier_With_Carry:inst9|fullAdder:inst186                             ;
;             |fullAdder:inst187                 ; 0.00 mW (0.00 mW)                    ; 0.00 mW (0.00 mW)               ; --                                ; 0.00 mW (0.00 mW)                 ; |CPU_MultiplierPipelinedNoOutputs|ALU4PipelinedMultiplier:inst8|Wallace_Multiplier_With_Carry:inst9|fullAdder:inst187                             ;
;             |fullAdder:inst188                 ; 0.00 mW (0.00 mW)                    ; 0.00 mW (0.00 mW)               ; --                                ; 0.00 mW (0.00 mW)                 ; |CPU_MultiplierPipelinedNoOutputs|ALU4PipelinedMultiplier:inst8|Wallace_Multiplier_With_Carry:inst9|fullAdder:inst188                             ;
;             |fullAdder:inst189                 ; 0.00 mW (0.00 mW)                    ; 0.00 mW (0.00 mW)               ; --                                ; 0.00 mW (0.00 mW)                 ; |CPU_MultiplierPipelinedNoOutputs|ALU4PipelinedMultiplier:inst8|Wallace_Multiplier_With_Carry:inst9|fullAdder:inst189                             ;
;             |fullAdder:inst191                 ; 0.00 mW (0.00 mW)                    ; 0.00 mW (0.00 mW)               ; --                                ; 0.00 mW (0.00 mW)                 ; |CPU_MultiplierPipelinedNoOutputs|ALU4PipelinedMultiplier:inst8|Wallace_Multiplier_With_Carry:inst9|fullAdder:inst191                             ;
;             |fullAdder:inst192                 ; 0.00 mW (0.00 mW)                    ; 0.00 mW (0.00 mW)               ; --                                ; 0.00 mW (0.00 mW)                 ; |CPU_MultiplierPipelinedNoOutputs|ALU4PipelinedMultiplier:inst8|Wallace_Multiplier_With_Carry:inst9|fullAdder:inst192                             ;
;             |fullAdder:inst193                 ; 0.00 mW (0.00 mW)                    ; 0.00 mW (0.00 mW)               ; --                                ; 0.00 mW (0.00 mW)                 ; |CPU_MultiplierPipelinedNoOutputs|ALU4PipelinedMultiplier:inst8|Wallace_Multiplier_With_Carry:inst9|fullAdder:inst193                             ;
;             |fullAdder:inst194                 ; 0.00 mW (0.00 mW)                    ; 0.00 mW (0.00 mW)               ; --                                ; 0.00 mW (0.00 mW)                 ; |CPU_MultiplierPipelinedNoOutputs|ALU4PipelinedMultiplier:inst8|Wallace_Multiplier_With_Carry:inst9|fullAdder:inst194                             ;
;             |fullAdder:inst195                 ; 0.00 mW (0.00 mW)                    ; 0.00 mW (0.00 mW)               ; --                                ; 0.00 mW (0.00 mW)                 ; |CPU_MultiplierPipelinedNoOutputs|ALU4PipelinedMultiplier:inst8|Wallace_Multiplier_With_Carry:inst9|fullAdder:inst195                             ;
;             |fullAdder:inst196                 ; 0.00 mW (0.00 mW)                    ; 0.00 mW (0.00 mW)               ; --                                ; 0.00 mW (0.00 mW)                 ; |CPU_MultiplierPipelinedNoOutputs|ALU4PipelinedMultiplier:inst8|Wallace_Multiplier_With_Carry:inst9|fullAdder:inst196                             ;
;             |fullAdder:inst197                 ; 0.00 mW (0.00 mW)                    ; 0.00 mW (0.00 mW)               ; --                                ; 0.00 mW (0.00 mW)                 ; |CPU_MultiplierPipelinedNoOutputs|ALU4PipelinedMultiplier:inst8|Wallace_Multiplier_With_Carry:inst9|fullAdder:inst197                             ;
;             |fullAdder:inst198                 ; 0.00 mW (0.00 mW)                    ; 0.00 mW (0.00 mW)               ; --                                ; 0.00 mW (0.00 mW)                 ; |CPU_MultiplierPipelinedNoOutputs|ALU4PipelinedMultiplier:inst8|Wallace_Multiplier_With_Carry:inst9|fullAdder:inst198                             ;
;             |halfAdder:inst199                 ; 0.00 mW (0.00 mW)                    ; 0.00 mW (0.00 mW)               ; --                                ; 0.00 mW (0.00 mW)                 ; |CPU_MultiplierPipelinedNoOutputs|ALU4PipelinedMultiplier:inst8|Wallace_Multiplier_With_Carry:inst9|halfAdder:inst199                             ;
;             |fullAdder:inst200                 ; 0.00 mW (0.00 mW)                    ; 0.00 mW (0.00 mW)               ; --                                ; 0.00 mW (0.00 mW)                 ; |CPU_MultiplierPipelinedNoOutputs|ALU4PipelinedMultiplier:inst8|Wallace_Multiplier_With_Carry:inst9|fullAdder:inst200                             ;
;             |fullAdder:inst201                 ; 0.00 mW (0.00 mW)                    ; 0.00 mW (0.00 mW)               ; --                                ; 0.00 mW (0.00 mW)                 ; |CPU_MultiplierPipelinedNoOutputs|ALU4PipelinedMultiplier:inst8|Wallace_Multiplier_With_Carry:inst9|fullAdder:inst201                             ;
;             |fullAdder:inst202                 ; 0.00 mW (0.00 mW)                    ; 0.00 mW (0.00 mW)               ; --                                ; 0.00 mW (0.00 mW)                 ; |CPU_MultiplierPipelinedNoOutputs|ALU4PipelinedMultiplier:inst8|Wallace_Multiplier_With_Carry:inst9|fullAdder:inst202                             ;
;             |fullAdder:inst203                 ; 0.00 mW (0.00 mW)                    ; 0.00 mW (0.00 mW)               ; --                                ; 0.00 mW (0.00 mW)                 ; |CPU_MultiplierPipelinedNoOutputs|ALU4PipelinedMultiplier:inst8|Wallace_Multiplier_With_Carry:inst9|fullAdder:inst203                             ;
;             |fullAdder:inst204                 ; 0.00 mW (0.00 mW)                    ; 0.00 mW (0.00 mW)               ; --                                ; 0.00 mW (0.00 mW)                 ; |CPU_MultiplierPipelinedNoOutputs|ALU4PipelinedMultiplier:inst8|Wallace_Multiplier_With_Carry:inst9|fullAdder:inst204                             ;
;             |fullAdder:inst205                 ; 0.00 mW (0.00 mW)                    ; 0.00 mW (0.00 mW)               ; --                                ; 0.00 mW (0.00 mW)                 ; |CPU_MultiplierPipelinedNoOutputs|ALU4PipelinedMultiplier:inst8|Wallace_Multiplier_With_Carry:inst9|fullAdder:inst205                             ;
;             |fullAdder:inst206                 ; 0.00 mW (0.00 mW)                    ; 0.00 mW (0.00 mW)               ; --                                ; 0.00 mW (0.00 mW)                 ; |CPU_MultiplierPipelinedNoOutputs|ALU4PipelinedMultiplier:inst8|Wallace_Multiplier_With_Carry:inst9|fullAdder:inst206                             ;
;             |fullAdder:inst207                 ; 0.00 mW (0.00 mW)                    ; 0.00 mW (0.00 mW)               ; --                                ; 0.00 mW (0.00 mW)                 ; |CPU_MultiplierPipelinedNoOutputs|ALU4PipelinedMultiplier:inst8|Wallace_Multiplier_With_Carry:inst9|fullAdder:inst207                             ;
;             |fullAdder:inst208                 ; 0.00 mW (0.00 mW)                    ; 0.00 mW (0.00 mW)               ; --                                ; 0.00 mW (0.00 mW)                 ; |CPU_MultiplierPipelinedNoOutputs|ALU4PipelinedMultiplier:inst8|Wallace_Multiplier_With_Carry:inst9|fullAdder:inst208                             ;
;             |fullAdder:inst210                 ; 0.00 mW (0.00 mW)                    ; 0.00 mW (0.00 mW)               ; --                                ; 0.00 mW (0.00 mW)                 ; |CPU_MultiplierPipelinedNoOutputs|ALU4PipelinedMultiplier:inst8|Wallace_Multiplier_With_Carry:inst9|fullAdder:inst210                             ;
;             |fullAdder:inst211                 ; 0.00 mW (0.00 mW)                    ; 0.00 mW (0.00 mW)               ; --                                ; 0.00 mW (0.00 mW)                 ; |CPU_MultiplierPipelinedNoOutputs|ALU4PipelinedMultiplier:inst8|Wallace_Multiplier_With_Carry:inst9|fullAdder:inst211                             ;
;             |fullAdder:inst212                 ; 0.00 mW (0.00 mW)                    ; 0.00 mW (0.00 mW)               ; --                                ; 0.00 mW (0.00 mW)                 ; |CPU_MultiplierPipelinedNoOutputs|ALU4PipelinedMultiplier:inst8|Wallace_Multiplier_With_Carry:inst9|fullAdder:inst212                             ;
;             |halfAdder:inst213                 ; 0.00 mW (0.00 mW)                    ; 0.00 mW (0.00 mW)               ; --                                ; 0.00 mW (0.00 mW)                 ; |CPU_MultiplierPipelinedNoOutputs|ALU4PipelinedMultiplier:inst8|Wallace_Multiplier_With_Carry:inst9|halfAdder:inst213                             ;
;             |halfAdder:inst214                 ; 0.00 mW (0.00 mW)                    ; 0.00 mW (0.00 mW)               ; --                                ; 0.00 mW (0.00 mW)                 ; |CPU_MultiplierPipelinedNoOutputs|ALU4PipelinedMultiplier:inst8|Wallace_Multiplier_With_Carry:inst9|halfAdder:inst214                             ;
;             |fullAdder:inst215                 ; 0.00 mW (0.00 mW)                    ; 0.00 mW (0.00 mW)               ; --                                ; 0.00 mW (0.00 mW)                 ; |CPU_MultiplierPipelinedNoOutputs|ALU4PipelinedMultiplier:inst8|Wallace_Multiplier_With_Carry:inst9|fullAdder:inst215                             ;
;             |fullAdder:inst216                 ; 0.00 mW (0.00 mW)                    ; 0.00 mW (0.00 mW)               ; --                                ; 0.00 mW (0.00 mW)                 ; |CPU_MultiplierPipelinedNoOutputs|ALU4PipelinedMultiplier:inst8|Wallace_Multiplier_With_Carry:inst9|fullAdder:inst216                             ;
;             |fullAdder:inst217                 ; 0.00 mW (0.00 mW)                    ; 0.00 mW (0.00 mW)               ; --                                ; 0.00 mW (0.00 mW)                 ; |CPU_MultiplierPipelinedNoOutputs|ALU4PipelinedMultiplier:inst8|Wallace_Multiplier_With_Carry:inst9|fullAdder:inst217                             ;
;             |fullAdder:inst218                 ; 0.00 mW (0.00 mW)                    ; 0.00 mW (0.00 mW)               ; --                                ; 0.00 mW (0.00 mW)                 ; |CPU_MultiplierPipelinedNoOutputs|ALU4PipelinedMultiplier:inst8|Wallace_Multiplier_With_Carry:inst9|fullAdder:inst218                             ;
;             |fullAdder:inst219                 ; 0.00 mW (0.00 mW)                    ; 0.00 mW (0.00 mW)               ; --                                ; 0.00 mW (0.00 mW)                 ; |CPU_MultiplierPipelinedNoOutputs|ALU4PipelinedMultiplier:inst8|Wallace_Multiplier_With_Carry:inst9|fullAdder:inst219                             ;
;             |halfAdder:inst221                 ; 0.00 mW (0.00 mW)                    ; 0.00 mW (0.00 mW)               ; --                                ; 0.00 mW (0.00 mW)                 ; |CPU_MultiplierPipelinedNoOutputs|ALU4PipelinedMultiplier:inst8|Wallace_Multiplier_With_Carry:inst9|halfAdder:inst221                             ;
;             |fullAdder:inst222                 ; 0.00 mW (0.00 mW)                    ; 0.00 mW (0.00 mW)               ; --                                ; 0.00 mW (0.00 mW)                 ; |CPU_MultiplierPipelinedNoOutputs|ALU4PipelinedMultiplier:inst8|Wallace_Multiplier_With_Carry:inst9|fullAdder:inst222                             ;
;             |fullAdder:inst223                 ; 0.00 mW (0.00 mW)                    ; 0.00 mW (0.00 mW)               ; --                                ; 0.00 mW (0.00 mW)                 ; |CPU_MultiplierPipelinedNoOutputs|ALU4PipelinedMultiplier:inst8|Wallace_Multiplier_With_Carry:inst9|fullAdder:inst223                             ;
;             |halfAdder:inst224                 ; 0.00 mW (0.00 mW)                    ; 0.00 mW (0.00 mW)               ; --                                ; 0.00 mW (0.00 mW)                 ; |CPU_MultiplierPipelinedNoOutputs|ALU4PipelinedMultiplier:inst8|Wallace_Multiplier_With_Carry:inst9|halfAdder:inst224                             ;
;             |fullAdder:inst225                 ; 0.00 mW (0.00 mW)                    ; 0.00 mW (0.00 mW)               ; --                                ; 0.00 mW (0.00 mW)                 ; |CPU_MultiplierPipelinedNoOutputs|ALU4PipelinedMultiplier:inst8|Wallace_Multiplier_With_Carry:inst9|fullAdder:inst225                             ;
;             |fullAdder:inst226                 ; 0.00 mW (0.00 mW)                    ; 0.00 mW (0.00 mW)               ; --                                ; 0.00 mW (0.00 mW)                 ; |CPU_MultiplierPipelinedNoOutputs|ALU4PipelinedMultiplier:inst8|Wallace_Multiplier_With_Carry:inst9|fullAdder:inst226                             ;
;             |fullAdder:inst227                 ; 0.00 mW (0.00 mW)                    ; 0.00 mW (0.00 mW)               ; --                                ; 0.00 mW (0.00 mW)                 ; |CPU_MultiplierPipelinedNoOutputs|ALU4PipelinedMultiplier:inst8|Wallace_Multiplier_With_Carry:inst9|fullAdder:inst227                             ;
;             |fullAdder:inst228                 ; 0.00 mW (0.00 mW)                    ; 0.00 mW (0.00 mW)               ; --                                ; 0.00 mW (0.00 mW)                 ; |CPU_MultiplierPipelinedNoOutputs|ALU4PipelinedMultiplier:inst8|Wallace_Multiplier_With_Carry:inst9|fullAdder:inst228                             ;
;             |fullAdder:inst229                 ; 0.00 mW (0.00 mW)                    ; 0.00 mW (0.00 mW)               ; --                                ; 0.00 mW (0.00 mW)                 ; |CPU_MultiplierPipelinedNoOutputs|ALU4PipelinedMultiplier:inst8|Wallace_Multiplier_With_Carry:inst9|fullAdder:inst229                             ;
;             |fullAdder:inst230                 ; 0.00 mW (0.00 mW)                    ; 0.00 mW (0.00 mW)               ; --                                ; 0.00 mW (0.00 mW)                 ; |CPU_MultiplierPipelinedNoOutputs|ALU4PipelinedMultiplier:inst8|Wallace_Multiplier_With_Carry:inst9|fullAdder:inst230                             ;
;             |fullAdder:inst231                 ; 0.00 mW (0.00 mW)                    ; 0.00 mW (0.00 mW)               ; --                                ; 0.00 mW (0.00 mW)                 ; |CPU_MultiplierPipelinedNoOutputs|ALU4PipelinedMultiplier:inst8|Wallace_Multiplier_With_Carry:inst9|fullAdder:inst231                             ;
;             |fullAdder:inst232                 ; 0.00 mW (0.00 mW)                    ; 0.00 mW (0.00 mW)               ; --                                ; 0.00 mW (0.00 mW)                 ; |CPU_MultiplierPipelinedNoOutputs|ALU4PipelinedMultiplier:inst8|Wallace_Multiplier_With_Carry:inst9|fullAdder:inst232                             ;
;             |halfAdder:inst233                 ; 0.00 mW (0.00 mW)                    ; 0.00 mW (0.00 mW)               ; --                                ; 0.00 mW (0.00 mW)                 ; |CPU_MultiplierPipelinedNoOutputs|ALU4PipelinedMultiplier:inst8|Wallace_Multiplier_With_Carry:inst9|halfAdder:inst233                             ;
;             |halfAdder:inst234                 ; 0.00 mW (0.00 mW)                    ; 0.00 mW (0.00 mW)               ; --                                ; 0.00 mW (0.00 mW)                 ; |CPU_MultiplierPipelinedNoOutputs|ALU4PipelinedMultiplier:inst8|Wallace_Multiplier_With_Carry:inst9|halfAdder:inst234                             ;
;             |halfAdder:inst235                 ; 0.00 mW (0.00 mW)                    ; 0.00 mW (0.00 mW)               ; --                                ; 0.00 mW (0.00 mW)                 ; |CPU_MultiplierPipelinedNoOutputs|ALU4PipelinedMultiplier:inst8|Wallace_Multiplier_With_Carry:inst9|halfAdder:inst235                             ;
;             |fullAdder:inst236                 ; 0.00 mW (0.00 mW)                    ; 0.00 mW (0.00 mW)               ; --                                ; 0.00 mW (0.00 mW)                 ; |CPU_MultiplierPipelinedNoOutputs|ALU4PipelinedMultiplier:inst8|Wallace_Multiplier_With_Carry:inst9|fullAdder:inst236                             ;
;             |fullAdder:inst237                 ; 0.00 mW (0.00 mW)                    ; 0.00 mW (0.00 mW)               ; --                                ; 0.00 mW (0.00 mW)                 ; |CPU_MultiplierPipelinedNoOutputs|ALU4PipelinedMultiplier:inst8|Wallace_Multiplier_With_Carry:inst9|fullAdder:inst237                             ;
;             |fullAdder:inst238                 ; 0.00 mW (0.00 mW)                    ; 0.00 mW (0.00 mW)               ; --                                ; 0.00 mW (0.00 mW)                 ; |CPU_MultiplierPipelinedNoOutputs|ALU4PipelinedMultiplier:inst8|Wallace_Multiplier_With_Carry:inst9|fullAdder:inst238                             ;
;             |fullAdder:inst239                 ; 0.00 mW (0.00 mW)                    ; 0.00 mW (0.00 mW)               ; --                                ; 0.00 mW (0.00 mW)                 ; |CPU_MultiplierPipelinedNoOutputs|ALU4PipelinedMultiplier:inst8|Wallace_Multiplier_With_Carry:inst9|fullAdder:inst239                             ;
;             |fullAdder:inst240                 ; 0.01 mW (0.01 mW)                    ; 0.00 mW (0.00 mW)               ; --                                ; 0.00 mW (0.00 mW)                 ; |CPU_MultiplierPipelinedNoOutputs|ALU4PipelinedMultiplier:inst8|Wallace_Multiplier_With_Carry:inst9|fullAdder:inst240                             ;
;             |fullAdder:inst241                 ; 0.01 mW (0.01 mW)                    ; 0.01 mW (0.01 mW)               ; --                                ; 0.00 mW (0.00 mW)                 ; |CPU_MultiplierPipelinedNoOutputs|ALU4PipelinedMultiplier:inst8|Wallace_Multiplier_With_Carry:inst9|fullAdder:inst241                             ;
;             |fullAdder:inst242                 ; 0.00 mW (0.00 mW)                    ; 0.00 mW (0.00 mW)               ; --                                ; 0.00 mW (0.00 mW)                 ; |CPU_MultiplierPipelinedNoOutputs|ALU4PipelinedMultiplier:inst8|Wallace_Multiplier_With_Carry:inst9|fullAdder:inst242                             ;
;             |fullAdder:inst243                 ; 0.00 mW (0.00 mW)                    ; 0.00 mW (0.00 mW)               ; --                                ; 0.00 mW (0.00 mW)                 ; |CPU_MultiplierPipelinedNoOutputs|ALU4PipelinedMultiplier:inst8|Wallace_Multiplier_With_Carry:inst9|fullAdder:inst243                             ;
;             |fullAdder:inst245                 ; 0.00 mW (0.00 mW)                    ; 0.00 mW (0.00 mW)               ; --                                ; 0.00 mW (0.00 mW)                 ; |CPU_MultiplierPipelinedNoOutputs|ALU4PipelinedMultiplier:inst8|Wallace_Multiplier_With_Carry:inst9|fullAdder:inst245                             ;
;             |halfAdder:inst247                 ; 0.00 mW (0.00 mW)                    ; 0.00 mW (0.00 mW)               ; --                                ; 0.00 mW (0.00 mW)                 ; |CPU_MultiplierPipelinedNoOutputs|ALU4PipelinedMultiplier:inst8|Wallace_Multiplier_With_Carry:inst9|halfAdder:inst247                             ;
;             |fullAdder:inst252                 ; 0.00 mW (0.00 mW)                    ; 0.00 mW (0.00 mW)               ; --                                ; 0.00 mW (0.00 mW)                 ; |CPU_MultiplierPipelinedNoOutputs|ALU4PipelinedMultiplier:inst8|Wallace_Multiplier_With_Carry:inst9|fullAdder:inst252                             ;
;             |fullAdder:inst253                 ; 0.01 mW (0.01 mW)                    ; 0.00 mW (0.00 mW)               ; --                                ; 0.00 mW (0.00 mW)                 ; |CPU_MultiplierPipelinedNoOutputs|ALU4PipelinedMultiplier:inst8|Wallace_Multiplier_With_Carry:inst9|fullAdder:inst253                             ;
;             |fullAdder:inst254                 ; 0.00 mW (0.00 mW)                    ; 0.00 mW (0.00 mW)               ; --                                ; 0.00 mW (0.00 mW)                 ; |CPU_MultiplierPipelinedNoOutputs|ALU4PipelinedMultiplier:inst8|Wallace_Multiplier_With_Carry:inst9|fullAdder:inst254                             ;
;             |fullAdder:inst255                 ; 0.00 mW (0.00 mW)                    ; 0.00 mW (0.00 mW)               ; --                                ; 0.00 mW (0.00 mW)                 ; |CPU_MultiplierPipelinedNoOutputs|ALU4PipelinedMultiplier:inst8|Wallace_Multiplier_With_Carry:inst9|fullAdder:inst255                             ;
;             |fullAdder:inst256                 ; 0.00 mW (0.00 mW)                    ; 0.00 mW (0.00 mW)               ; --                                ; 0.00 mW (0.00 mW)                 ; |CPU_MultiplierPipelinedNoOutputs|ALU4PipelinedMultiplier:inst8|Wallace_Multiplier_With_Carry:inst9|fullAdder:inst256                             ;
;             |fullAdder:inst257                 ; 0.00 mW (0.00 mW)                    ; 0.00 mW (0.00 mW)               ; --                                ; 0.00 mW (0.00 mW)                 ; |CPU_MultiplierPipelinedNoOutputs|ALU4PipelinedMultiplier:inst8|Wallace_Multiplier_With_Carry:inst9|fullAdder:inst257                             ;
;             |halfAdder:inst258                 ; 0.00 mW (0.00 mW)                    ; 0.00 mW (0.00 mW)               ; --                                ; 0.00 mW (0.00 mW)                 ; |CPU_MultiplierPipelinedNoOutputs|ALU4PipelinedMultiplier:inst8|Wallace_Multiplier_With_Carry:inst9|halfAdder:inst258                             ;
;             |halfAdder:inst259                 ; 0.01 mW (0.01 mW)                    ; 0.00 mW (0.00 mW)               ; --                                ; 0.00 mW (0.00 mW)                 ; |CPU_MultiplierPipelinedNoOutputs|ALU4PipelinedMultiplier:inst8|Wallace_Multiplier_With_Carry:inst9|halfAdder:inst259                             ;
;             |halfAdder:inst260                 ; 0.01 mW (0.01 mW)                    ; 0.00 mW (0.00 mW)               ; --                                ; 0.00 mW (0.00 mW)                 ; |CPU_MultiplierPipelinedNoOutputs|ALU4PipelinedMultiplier:inst8|Wallace_Multiplier_With_Carry:inst9|halfAdder:inst260                             ;
;             |halfAdder:inst261                 ; 0.01 mW (0.01 mW)                    ; 0.00 mW (0.00 mW)               ; --                                ; 0.00 mW (0.00 mW)                 ; |CPU_MultiplierPipelinedNoOutputs|ALU4PipelinedMultiplier:inst8|Wallace_Multiplier_With_Carry:inst9|halfAdder:inst261                             ;
;             |halfAdder:inst262                 ; 0.01 mW (0.01 mW)                    ; 0.00 mW (0.00 mW)               ; --                                ; 0.00 mW (0.00 mW)                 ; |CPU_MultiplierPipelinedNoOutputs|ALU4PipelinedMultiplier:inst8|Wallace_Multiplier_With_Carry:inst9|halfAdder:inst262                             ;
;             |halfAdder:inst263                 ; 0.00 mW (0.00 mW)                    ; 0.00 mW (0.00 mW)               ; --                                ; 0.00 mW (0.00 mW)                 ; |CPU_MultiplierPipelinedNoOutputs|ALU4PipelinedMultiplier:inst8|Wallace_Multiplier_With_Carry:inst9|halfAdder:inst263                             ;
;             |halfAdder:inst264                 ; 0.00 mW (0.00 mW)                    ; 0.00 mW (0.00 mW)               ; --                                ; 0.00 mW (0.00 mW)                 ; |CPU_MultiplierPipelinedNoOutputs|ALU4PipelinedMultiplier:inst8|Wallace_Multiplier_With_Carry:inst9|halfAdder:inst264                             ;
;             |halfAdder:inst265                 ; 0.01 mW (0.01 mW)                    ; 0.00 mW (0.00 mW)               ; --                                ; 0.01 mW (0.01 mW)                 ; |CPU_MultiplierPipelinedNoOutputs|ALU4PipelinedMultiplier:inst8|Wallace_Multiplier_With_Carry:inst9|halfAdder:inst265                             ;
;             |halfAdder:inst266                 ; 0.00 mW (0.00 mW)                    ; 0.00 mW (0.00 mW)               ; --                                ; 0.00 mW (0.00 mW)                 ; |CPU_MultiplierPipelinedNoOutputs|ALU4PipelinedMultiplier:inst8|Wallace_Multiplier_With_Carry:inst9|halfAdder:inst266                             ;
;             |fullAdder:inst267                 ; 0.00 mW (0.00 mW)                    ; 0.00 mW (0.00 mW)               ; --                                ; 0.00 mW (0.00 mW)                 ; |CPU_MultiplierPipelinedNoOutputs|ALU4PipelinedMultiplier:inst8|Wallace_Multiplier_With_Carry:inst9|fullAdder:inst267                             ;
;             |CBitIdentifier:inst268            ; 0.01 mW (0.01 mW)                    ; 0.01 mW (0.01 mW)               ; --                                ; 0.00 mW (0.00 mW)                 ; |CPU_MultiplierPipelinedNoOutputs|ALU4PipelinedMultiplier:inst8|Wallace_Multiplier_With_Carry:inst9|CBitIdentifier:inst268                        ;
;         |ALUDecoder3:inst10                    ; 0.00 mW (0.00 mW)                    ; 0.00 mW (0.00 mW)               ; --                                ; 0.00 mW (0.00 mW)                 ; |CPU_MultiplierPipelinedNoOutputs|ALU4PipelinedMultiplier:inst8|ALUDecoder3:inst10                                                                ;
;         |BBO:inst12                            ; 0.01 mW (0.00 mW)                    ; 0.01 mW (0.00 mW)               ; --                                ; 0.00 mW (0.00 mW)                 ; |CPU_MultiplierPipelinedNoOutputs|ALU4PipelinedMultiplier:inst8|BBO:inst12                                                                        ;
;             |MUX8:inst8                        ; 0.01 mW (0.00 mW)                    ; 0.01 mW (0.00 mW)               ; --                                ; 0.00 mW (0.00 mW)                 ; |CPU_MultiplierPipelinedNoOutputs|ALU4PipelinedMultiplier:inst8|BBO:inst12|MUX8:inst8                                                             ;
;                 |lpm_mux:LPM_MUX_component     ; 0.01 mW (0.00 mW)                    ; 0.01 mW (0.00 mW)               ; --                                ; 0.00 mW (0.00 mW)                 ; |CPU_MultiplierPipelinedNoOutputs|ALU4PipelinedMultiplier:inst8|BBO:inst12|MUX8:inst8|lpm_mux:LPM_MUX_component                                   ;
;                     |mux_5tc:auto_generated    ; 0.01 mW (0.01 mW)                    ; 0.01 mW (0.01 mW)               ; --                                ; 0.00 mW (0.00 mW)                 ; |CPU_MultiplierPipelinedNoOutputs|ALU4PipelinedMultiplier:inst8|BBO:inst12|MUX8:inst8|lpm_mux:LPM_MUX_component|mux_5tc:auto_generated            ;
;         |MUX3:inst15                           ; 0.01 mW (0.00 mW)                    ; 0.01 mW (0.00 mW)               ; --                                ; 0.00 mW (0.00 mW)                 ; |CPU_MultiplierPipelinedNoOutputs|ALU4PipelinedMultiplier:inst8|MUX3:inst15                                                                       ;
;             |lpm_mux:LPM_MUX_component         ; 0.01 mW (0.00 mW)                    ; 0.01 mW (0.00 mW)               ; --                                ; 0.00 mW (0.00 mW)                 ; |CPU_MultiplierPipelinedNoOutputs|ALU4PipelinedMultiplier:inst8|MUX3:inst15|lpm_mux:LPM_MUX_component                                             ;
;                 |mux_vsc:auto_generated        ; 0.01 mW (0.01 mW)                    ; 0.01 mW (0.01 mW)               ; --                                ; 0.00 mW (0.00 mW)                 ; |CPU_MultiplierPipelinedNoOutputs|ALU4PipelinedMultiplier:inst8|MUX3:inst15|lpm_mux:LPM_MUX_component|mux_vsc:auto_generated                      ;
;         |ShiftsAndBFE2:inst16                  ; 0.00 mW (0.00 mW)                    ; 0.00 mW (0.00 mW)               ; --                                ; 0.00 mW (0.00 mW)                 ; |CPU_MultiplierPipelinedNoOutputs|ALU4PipelinedMultiplier:inst8|ShiftsAndBFE2:inst16                                                              ;
;             |MUX32:inst5                       ; 0.00 mW (0.00 mW)                    ; 0.00 mW (0.00 mW)               ; --                                ; 0.00 mW (0.00 mW)                 ; |CPU_MultiplierPipelinedNoOutputs|ALU4PipelinedMultiplier:inst8|ShiftsAndBFE2:inst16|MUX32:inst5                                                  ;
;                 |lpm_mux:LPM_MUX_component     ; 0.00 mW (0.00 mW)                    ; 0.00 mW (0.00 mW)               ; --                                ; 0.00 mW (0.00 mW)                 ; |CPU_MultiplierPipelinedNoOutputs|ALU4PipelinedMultiplier:inst8|ShiftsAndBFE2:inst16|MUX32:inst5|lpm_mux:LPM_MUX_component                        ;
;                     |mux_kuc:auto_generated    ; 0.00 mW (0.00 mW)                    ; 0.00 mW (0.00 mW)               ; --                                ; 0.00 mW (0.00 mW)                 ; |CPU_MultiplierPipelinedNoOutputs|ALU4PipelinedMultiplier:inst8|ShiftsAndBFE2:inst16|MUX32:inst5|lpm_mux:LPM_MUX_component|mux_kuc:auto_generated ;
;             |TWOINPUTMUX:inst8                 ; 0.00 mW (0.00 mW)                    ; 0.00 mW (0.00 mW)               ; --                                ; 0.00 mW (0.00 mW)                 ; |CPU_MultiplierPipelinedNoOutputs|ALU4PipelinedMultiplier:inst8|ShiftsAndBFE2:inst16|TWOINPUTMUX:inst8                                            ;
;                 |lpm_mux:LPM_MUX_component     ; 0.00 mW (0.00 mW)                    ; 0.00 mW (0.00 mW)               ; --                                ; 0.00 mW (0.00 mW)                 ; |CPU_MultiplierPipelinedNoOutputs|ALU4PipelinedMultiplier:inst8|ShiftsAndBFE2:inst16|TWOINPUTMUX:inst8|lpm_mux:LPM_MUX_component                  ;
;         |MUX5:inst20                           ; 0.00 mW (0.00 mW)                    ; 0.00 mW (0.00 mW)               ; --                                ; 0.00 mW (0.00 mW)                 ; |CPU_MultiplierPipelinedNoOutputs|ALU4PipelinedMultiplier:inst8|MUX5:inst20                                                                       ;
;             |lpm_mux:LPM_MUX_component         ; 0.00 mW (0.00 mW)                    ; 0.00 mW (0.00 mW)               ; --                                ; 0.00 mW (0.00 mW)                 ; |CPU_MultiplierPipelinedNoOutputs|ALU4PipelinedMultiplier:inst8|MUX5:inst20|lpm_mux:LPM_MUX_component                                             ;
;                 |mux_erc:auto_generated        ; 0.00 mW (0.00 mW)                    ; 0.00 mW (0.00 mW)               ; --                                ; 0.00 mW (0.00 mW)                 ; |CPU_MultiplierPipelinedNoOutputs|ALU4PipelinedMultiplier:inst8|MUX5:inst20|lpm_mux:LPM_MUX_component|mux_erc:auto_generated                      ;
;         |MUX3:inst24                           ; 0.00 mW (0.00 mW)                    ; 0.00 mW (0.00 mW)               ; --                                ; 0.00 mW (0.00 mW)                 ; |CPU_MultiplierPipelinedNoOutputs|ALU4PipelinedMultiplier:inst8|MUX3:inst24                                                                       ;
;             |lpm_mux:LPM_MUX_component         ; 0.00 mW (0.00 mW)                    ; 0.00 mW (0.00 mW)               ; --                                ; 0.00 mW (0.00 mW)                 ; |CPU_MultiplierPipelinedNoOutputs|ALU4PipelinedMultiplier:inst8|MUX3:inst24|lpm_mux:LPM_MUX_component                                             ;
;                 |mux_vsc:auto_generated        ; 0.00 mW (0.00 mW)                    ; 0.00 mW (0.00 mW)               ; --                                ; 0.00 mW (0.00 mW)                 ; |CPU_MultiplierPipelinedNoOutputs|ALU4PipelinedMultiplier:inst8|MUX3:inst24|lpm_mux:LPM_MUX_component|mux_vsc:auto_generated                      ;
;         |lpm_ff:MULOUTC                        ; 0.19 mW (0.19 mW)                    ; 0.13 mW (0.13 mW)               ; --                                ; 0.06 mW (0.06 mW)                 ; |CPU_MultiplierPipelinedNoOutputs|ALU4PipelinedMultiplier:inst8|lpm_ff:MULOUTC                                                                    ;
;         |lpm_ff:MULOUTD                        ; 0.61 mW (0.61 mW)                    ; 0.50 mW (0.50 mW)               ; --                                ; 0.11 mW (0.11 mW)                 ; |CPU_MultiplierPipelinedNoOutputs|ALU4PipelinedMultiplier:inst8|lpm_ff:MULOUTD                                                                    ;
;     |Decoder_MultiplierPipelined:inst9         ; 0.02 mW (0.02 mW)                    ; 0.02 mW (0.02 mW)               ; --                                ; 0.00 mW (0.00 mW)                 ; |CPU_MultiplierPipelinedNoOutputs|Decoder_MultiplierPipelined:inst9                                                                               ;
;     |MUX4:inst13                               ; 0.00 mW (0.00 mW)                    ; 0.00 mW (0.00 mW)               ; --                                ; 0.00 mW (0.00 mW)                 ; |CPU_MultiplierPipelinedNoOutputs|MUX4:inst13                                                                                                     ;
;         |lpm_mux:LPM_MUX_component             ; 0.00 mW (0.00 mW)                    ; 0.00 mW (0.00 mW)               ; --                                ; 0.00 mW (0.00 mW)                 ; |CPU_MultiplierPipelinedNoOutputs|MUX4:inst13|lpm_mux:LPM_MUX_component                                                                           ;
;             |mux_0tc:auto_generated            ; 0.00 mW (0.00 mW)                    ; 0.00 mW (0.00 mW)               ; --                                ; 0.00 mW (0.00 mW)                 ; |CPU_MultiplierPipelinedNoOutputs|MUX4:inst13|lpm_mux:LPM_MUX_component|mux_0tc:auto_generated                                                    ;
;     |PC_MUX:inst17                             ; 0.00 mW (0.00 mW)                    ; 0.00 mW (0.00 mW)               ; --                                ; 0.00 mW (0.00 mW)                 ; |CPU_MultiplierPipelinedNoOutputs|PC_MUX:inst17                                                                                                   ;
;         |lpm_mux:LPM_MUX_component             ; 0.00 mW (0.00 mW)                    ; 0.00 mW (0.00 mW)               ; --                                ; 0.00 mW (0.00 mW)                 ; |CPU_MultiplierPipelinedNoOutputs|PC_MUX:inst17|lpm_mux:LPM_MUX_component                                                                         ;
;             |mux_qsc:auto_generated            ; 0.00 mW (0.00 mW)                    ; 0.00 mW (0.00 mW)               ; --                                ; 0.00 mW (0.00 mW)                 ; |CPU_MultiplierPipelinedNoOutputs|PC_MUX:inst17|lpm_mux:LPM_MUX_component|mux_qsc:auto_generated                                                  ;
;     |LIFOBlock:inst18                          ; 1.24 mW (0.62 mW)                    ; 1.06 mW (0.44 mW)               ; --                                ; 0.17 mW (0.17 mW)                 ; |CPU_MultiplierPipelinedNoOutputs|LIFOBlock:inst18                                                                                                ;
;         |altsyncram:stack_rtl_0                ; 0.62 mW (0.00 mW)                    ; 0.62 mW (0.00 mW)               ; --                                ; 0.00 mW (0.00 mW)                 ; |CPU_MultiplierPipelinedNoOutputs|LIFOBlock:inst18|altsyncram:stack_rtl_0                                                                         ;
;             |altsyncram_kpd1:auto_generated    ; 0.62 mW (0.62 mW)                    ; 0.62 mW (0.62 mW)               ; --                                ; 0.00 mW (0.00 mW)                 ; |CPU_MultiplierPipelinedNoOutputs|LIFOBlock:inst18|altsyncram:stack_rtl_0|altsyncram_kpd1:auto_generated                                          ;
;     |busmux:mux2                               ; 0.00 mW (0.00 mW)                    ; 0.00 mW (0.00 mW)               ; --                                ; 0.00 mW (0.00 mW)                 ; |CPU_MultiplierPipelinedNoOutputs|busmux:mux2                                                                                                     ;
;         |lpm_mux:$00000                        ; 0.00 mW (0.00 mW)                    ; 0.00 mW (0.00 mW)               ; --                                ; 0.00 mW (0.00 mW)                 ; |CPU_MultiplierPipelinedNoOutputs|busmux:mux2|lpm_mux:$00000                                                                                      ;
;             |mux_osc:auto_generated            ; 0.00 mW (0.00 mW)                    ; 0.00 mW (0.00 mW)               ; --                                ; 0.00 mW (0.00 mW)                 ; |CPU_MultiplierPipelinedNoOutputs|busmux:mux2|lpm_mux:$00000|mux_osc:auto_generated                                                               ;
;     |busmux:mux3                               ; 0.01 mW (0.00 mW)                    ; 0.01 mW (0.00 mW)               ; --                                ; 0.00 mW (0.00 mW)                 ; |CPU_MultiplierPipelinedNoOutputs|busmux:mux3                                                                                                     ;
;         |lpm_mux:$00000                        ; 0.01 mW (0.00 mW)                    ; 0.01 mW (0.00 mW)               ; --                                ; 0.00 mW (0.00 mW)                 ; |CPU_MultiplierPipelinedNoOutputs|busmux:mux3|lpm_mux:$00000                                                                                      ;
;             |mux_osc:auto_generated            ; 0.01 mW (0.01 mW)                    ; 0.01 mW (0.01 mW)               ; --                                ; 0.00 mW (0.00 mW)                 ; |CPU_MultiplierPipelinedNoOutputs|busmux:mux3|lpm_mux:$00000|mux_osc:auto_generated                                                               ;
;     |lpm_counter:PC                            ; 0.40 mW (0.00 mW)                    ; 0.16 mW (0.00 mW)               ; --                                ; 0.25 mW (0.00 mW)                 ; |CPU_MultiplierPipelinedNoOutputs|lpm_counter:PC                                                                                                  ;
;         |cntr_dnh:auto_generated               ; 0.40 mW (0.40 mW)                    ; 0.16 mW (0.16 mW)               ; --                                ; 0.25 mW (0.25 mW)                 ; |CPU_MultiplierPipelinedNoOutputs|lpm_counter:PC|cntr_dnh:auto_generated                                                                          ;
;     |lpm_ff:R0                                 ; 0.46 mW (0.46 mW)                    ; 0.23 mW (0.23 mW)               ; --                                ; 0.23 mW (0.23 mW)                 ; |CPU_MultiplierPipelinedNoOutputs|lpm_ff:R0                                                                                                       ;
;     |lpm_ff:R1                                 ; 0.36 mW (0.36 mW)                    ; 0.22 mW (0.22 mW)               ; --                                ; 0.14 mW (0.14 mW)                 ; |CPU_MultiplierPipelinedNoOutputs|lpm_ff:R1                                                                                                       ;
;     |lpm_ff:R2                                 ; 0.39 mW (0.39 mW)                    ; 0.24 mW (0.24 mW)               ; --                                ; 0.15 mW (0.15 mW)                 ; |CPU_MultiplierPipelinedNoOutputs|lpm_ff:R2                                                                                                       ;
;     |lpm_ff:R3                                 ; 0.39 mW (0.39 mW)                    ; 0.24 mW (0.24 mW)               ; --                                ; 0.15 mW (0.15 mW)                 ; |CPU_MultiplierPipelinedNoOutputs|lpm_ff:R3                                                                                                       ;
+------------------------------------------------+--------------------------------------+---------------------------------+-----------------------------------+-----------------------------------+---------------------------------------------------------------------------------------------------------------------------------------------------+
(1) Value in parentheses is the power consumed at that level of hierarchy. Value not in parentheses is the power consumed at that level of hierarchy plus the power consumed by all levels of hierarchy below it.

(2) The "Block Thermal Static Power" for all levels of hierarchy except the top-level hierarchy is part of the "Core Static Thermal Power Dissipation" value found on the PowerPlay Power Analyzer-->Summary report panel. The "Core Static Thermal Power Dissipation" also contains the thermal static power dissipated by the routing.


